Archive member included to satisfy reference by file (symbol)

d:/stm32cubeide_1.7.0/stm32cubeide/plugins/com.st.stm32cube.ide.mcu.externaltools.gnu-tools-for-stm32.9-2020-q2-update.win32_2.0.0.202105311346/tools/bin/../lib/gcc/arm-none-eabi/9.3.1/../../../../arm-none-eabi/lib/thumb/v7-m/nofp\libc_nano.a(lib_a-errno.o)
                              ./Core/Src/syscalls.o (__errno)
d:/stm32cubeide_1.7.0/stm32cubeide/plugins/com.st.stm32cube.ide.mcu.externaltools.gnu-tools-for-stm32.9-2020-q2-update.win32_2.0.0.202105311346/tools/bin/../lib/gcc/arm-none-eabi/9.3.1/../../../../arm-none-eabi/lib/thumb/v7-m/nofp\libc_nano.a(lib_a-exit.o)
                              d:/stm32cubeide_1.7.0/stm32cubeide/plugins/com.st.stm32cube.ide.mcu.externaltools.gnu-tools-for-stm32.9-2020-q2-update.win32_2.0.0.202105311346/tools/bin/../lib/gcc/arm-none-eabi/9.3.1/../../../../arm-none-eabi/lib/thumb/v7-m/nofp/crt0.o (exit)
d:/stm32cubeide_1.7.0/stm32cubeide/plugins/com.st.stm32cube.ide.mcu.externaltools.gnu-tools-for-stm32.9-2020-q2-update.win32_2.0.0.202105311346/tools/bin/../lib/gcc/arm-none-eabi/9.3.1/../../../../arm-none-eabi/lib/thumb/v7-m/nofp\libc_nano.a(lib_a-impure.o)
                              d:/stm32cubeide_1.7.0/stm32cubeide/plugins/com.st.stm32cube.ide.mcu.externaltools.gnu-tools-for-stm32.9-2020-q2-update.win32_2.0.0.202105311346/tools/bin/../lib/gcc/arm-none-eabi/9.3.1/../../../../arm-none-eabi/lib/thumb/v7-m/nofp\libc_nano.a(lib_a-exit.o) (_global_impure_ptr)
d:/stm32cubeide_1.7.0/stm32cubeide/plugins/com.st.stm32cube.ide.mcu.externaltools.gnu-tools-for-stm32.9-2020-q2-update.win32_2.0.0.202105311346/tools/bin/../lib/gcc/arm-none-eabi/9.3.1/../../../../arm-none-eabi/lib/thumb/v7-m/nofp\libc_nano.a(lib_a-init.o)
                              d:/stm32cubeide_1.7.0/stm32cubeide/plugins/com.st.stm32cube.ide.mcu.externaltools.gnu-tools-for-stm32.9-2020-q2-update.win32_2.0.0.202105311346/tools/bin/../lib/gcc/arm-none-eabi/9.3.1/../../../../arm-none-eabi/lib/thumb/v7-m/nofp/crt0.o (__libc_init_array)
d:/stm32cubeide_1.7.0/stm32cubeide/plugins/com.st.stm32cube.ide.mcu.externaltools.gnu-tools-for-stm32.9-2020-q2-update.win32_2.0.0.202105311346/tools/bin/../lib/gcc/arm-none-eabi/9.3.1/../../../../arm-none-eabi/lib/thumb/v7-m/nofp\libc_nano.a(lib_a-memset.o)
                              d:/stm32cubeide_1.7.0/stm32cubeide/plugins/com.st.stm32cube.ide.mcu.externaltools.gnu-tools-for-stm32.9-2020-q2-update.win32_2.0.0.202105311346/tools/bin/../lib/gcc/arm-none-eabi/9.3.1/../../../../arm-none-eabi/lib/thumb/v7-m/nofp/crt0.o (memset)

Allocating common symbols
Common symbol       size              file

GREEN_sec           0x4               ./Core/Src/fsm_automatic.o
YELLOW_sec          0x4               ./Core/Src/fsm_automatic.o
uwTick              0x4               ./Drivers/STM32F1xx_HAL_Driver/Src/stm32f1xx_hal.o
pFlash              0x20              ./Drivers/STM32F1xx_HAL_Driver/Src/stm32f1xx_hal_flash.o
RED_sec             0x4               ./Core/Src/fsm_automatic.o
htim2               0x48              ./Core/Src/main.o

Discarded input sections

 .text          0x0000000000000000        0x0 d:/stm32cubeide_1.7.0/stm32cubeide/plugins/com.st.stm32cube.ide.mcu.externaltools.gnu-tools-for-stm32.9-2020-q2-update.win32_2.0.0.202105311346/tools/bin/../lib/gcc/arm-none-eabi/9.3.1/thumb/v7-m/nofp/crti.o
 .data          0x0000000000000000        0x0 d:/stm32cubeide_1.7.0/stm32cubeide/plugins/com.st.stm32cube.ide.mcu.externaltools.gnu-tools-for-stm32.9-2020-q2-update.win32_2.0.0.202105311346/tools/bin/../lib/gcc/arm-none-eabi/9.3.1/thumb/v7-m/nofp/crti.o
 .bss           0x0000000000000000        0x0 d:/stm32cubeide_1.7.0/stm32cubeide/plugins/com.st.stm32cube.ide.mcu.externaltools.gnu-tools-for-stm32.9-2020-q2-update.win32_2.0.0.202105311346/tools/bin/../lib/gcc/arm-none-eabi/9.3.1/thumb/v7-m/nofp/crti.o
 .data          0x0000000000000000        0x4 d:/stm32cubeide_1.7.0/stm32cubeide/plugins/com.st.stm32cube.ide.mcu.externaltools.gnu-tools-for-stm32.9-2020-q2-update.win32_2.0.0.202105311346/tools/bin/../lib/gcc/arm-none-eabi/9.3.1/thumb/v7-m/nofp/crtbegin.o
 .text          0x0000000000000000       0x7c d:/stm32cubeide_1.7.0/stm32cubeide/plugins/com.st.stm32cube.ide.mcu.externaltools.gnu-tools-for-stm32.9-2020-q2-update.win32_2.0.0.202105311346/tools/bin/../lib/gcc/arm-none-eabi/9.3.1/../../../../arm-none-eabi/lib/thumb/v7-m/nofp/crt0.o
 .data          0x0000000000000000        0x0 d:/stm32cubeide_1.7.0/stm32cubeide/plugins/com.st.stm32cube.ide.mcu.externaltools.gnu-tools-for-stm32.9-2020-q2-update.win32_2.0.0.202105311346/tools/bin/../lib/gcc/arm-none-eabi/9.3.1/../../../../arm-none-eabi/lib/thumb/v7-m/nofp/crt0.o
 .bss           0x0000000000000000        0x0 d:/stm32cubeide_1.7.0/stm32cubeide/plugins/com.st.stm32cube.ide.mcu.externaltools.gnu-tools-for-stm32.9-2020-q2-update.win32_2.0.0.202105311346/tools/bin/../lib/gcc/arm-none-eabi/9.3.1/../../../../arm-none-eabi/lib/thumb/v7-m/nofp/crt0.o
[...]
Memory Configuration

Name             Origin             Length             Attributes
RAM              0x0000000020000000 0x0000000000002800 xrw
FLASH            0x0000000008000000 0x0000000000008000 xr
*default*        0x0000000000000000 0xffffffffffffffff

Linker script and memory map

LOAD d:/stm32cubeide_1.7.0/stm32cubeide/plugins/com.st.stm32cube.ide.mcu.externaltools.gnu-tools-for-stm32.9-2020-q2-update.win32_2.0.0.202105311346/tools/bin/../lib/gcc/arm-none-eabi/9.3.1/thumb/v7-m/nofp/crti.o
LOAD d:/stm32cubeide_1.7.0/stm32cubeide/plugins/com.st.stm32cube.ide.mcu.externaltools.gnu-tools-for-stm32.9-2020-q2-update.win32_2.0.0.202105311346/tools/bin/../lib/gcc/arm-none-eabi/9.3.1/thumb/v7-m/nofp/crtbegin.o
LOAD d:/stm32cubeide_1.7.0/stm32cubeide/plugins/com.st.stm32cube.ide.mcu.externaltools.gnu-tools-for-stm32.9-2020-q2-update.win32_2.0.0.202105311346/tools/bin/../lib/gcc/arm-none-eabi/9.3.1/../../../../arm-none-eabi/lib/thumb/v7-m/nofp/crt0.o
LOAD ./Core/Src/fsm_automatic.o
LOAD ./Core/Src/fsm_manual.o
LOAD ./Core/Src/global.o
LOAD ./Core/Src/handle_leds.o
LOAD ./Core/Src/input_reading.o
LOAD ./Core/Src/main.o
LOAD ./Core/Src/scheduler.o
LOAD ./Core/Src/software_timer.o
LOAD ./Core/Src/stm32f1xx_hal_msp.o
LOAD ./Core/Src/stm32f1xx_it.o
LOAD ./Core/Src/syscalls.o
LOAD ./Core/Src/sysmem.o
LOAD ./Core/Src/system_stm32f1xx.o
LOAD ./Core/Startup/startup_stm32f103c6ux.o
LOAD ./Drivers/STM32F1xx_HAL_Driver/Src/stm32f1xx_hal.o
LOAD ./Drivers/STM32F1xx_HAL_Driver/Src/stm32f1xx_hal_cortex.o
LOAD ./Drivers/STM32F1xx_HAL_Driver/Src/stm32f1xx_hal_dma.o
LOAD ./Drivers/STM32F1xx_HAL_Driver/Src/stm32f1xx_hal_exti.o
LOAD ./Drivers/STM32F1xx_HAL_Driver/Src/stm32f1xx_hal_flash.o
LOAD ./Drivers/STM32F1xx_HAL_Driver/Src/stm32f1xx_hal_flash_ex.o
LOAD ./Drivers/STM32F1xx_HAL_Driver/Src/stm32f1xx_hal_gpio.o
LOAD ./Drivers/STM32F1xx_HAL_Driver/Src/stm32f1xx_hal_gpio_ex.o
LOAD ./Drivers/STM32F1xx_HAL_Driver/Src/stm32f1xx_hal_pwr.o
LOAD ./Drivers/STM32F1xx_HAL_Driver/Src/stm32f1xx_hal_rcc.o
LOAD ./Drivers/STM32F1xx_HAL_Driver/Src/stm32f1xx_hal_rcc_ex.o
LOAD ./Drivers/STM32F1xx_HAL_Driver/Src/stm32f1xx_hal_tim.o
LOAD ./Drivers/STM32F1xx_HAL_Driver/Src/stm32f1xx_hal_tim_ex.o
START GROUP
LOAD d:/stm32cubeide_1.7.0/stm32cubeide/plugins/com.st.stm32cube.ide.mcu.externaltools.gnu-tools-for-stm32.9-2020-q2-update.win32_2.0.0.202105311346/tools/bin/../lib/gcc/arm-none-eabi/9.3.1/../../../../arm-none-eabi/lib/thumb/v7-m/nofp\libc_nano.a
LOAD d:/stm32cubeide_1.7.0/stm32cubeide/plugins/com.st.stm32cube.ide.mcu.externaltools.gnu-tools-for-stm32.9-2020-q2-update.win32_2.0.0.202105311346/tools/bin/../lib/gcc/arm-none-eabi/9.3.1/../../../../arm-none-eabi/lib/thumb/v7-m/nofp\libm.a
END GROUP
START GROUP
LOAD d:/stm32cubeide_1.7.0/stm32cubeide/plugins/com.st.stm32cube.ide.mcu.externaltools.gnu-tools-for-stm32.9-2020-q2-update.win32_2.0.0.202105311346/tools/bin/../lib/gcc/arm-none-eabi/9.3.1/thumb/v7-m/nofp\libgcc.a
LOAD d:/stm32cubeide_1.7.0/stm32cubeide/plugins/com.st.stm32cube.ide.mcu.externaltools.gnu-tools-for-stm32.9-2020-q2-update.win32_2.0.0.202105311346/tools/bin/../lib/gcc/arm-none-eabi/9.3.1/../../../../arm-none-eabi/lib/thumb/v7-m/nofp\libc_nano.a
END GROUP
START GROUP
LOAD d:/stm32cubeide_1.7.0/stm32cubeide/plugins/com.st.stm32cube.ide.mcu.externaltools.gnu-tools-for-stm32.9-2020-q2-update.win32_2.0.0.202105311346/tools/bin/../lib/gcc/arm-none-eabi/9.3.1/thumb/v7-m/nofp\libgcc.a
LOAD d:/stm32cubeide_1.7.0/stm32cubeide/plugins/com.st.stm32cube.ide.mcu.externaltools.gnu-tools-for-stm32.9-2020-q2-update.win32_2.0.0.202105311346/tools/bin/../lib/gcc/arm-none-eabi/9.3.1/../../../../arm-none-eabi/lib/thumb/v7-m/nofp\libc_nano.a
LOAD d:/stm32cubeide_1.7.0/stm32cubeide/plugins/com.st.stm32cube.ide.mcu.externaltools.gnu-tools-for-stm32.9-2020-q2-update.win32_2.0.0.202105311346/tools/bin/../lib/gcc/arm-none-eabi/9.3.1/../../../../arm-none-eabi/lib/thumb/v7-m/nofp\libnosys.a
END GROUP
START GROUP
LOAD d:/stm32cubeide_1.7.0/stm32cubeide/plugins/com.st.stm32cube.ide.mcu.externaltools.gnu-tools-for-stm32.9-2020-q2-update.win32_2.0.0.202105311346/tools/bin/../lib/gcc/arm-none-eabi/9.3.1/thumb/v7-m/nofp\libgcc.a
LOAD d:/stm32cubeide_1.7.0/stm32cubeide/plugins/com.st.stm32cube.ide.mcu.externaltools.gnu-tools-for-stm32.9-2020-q2-update.win32_2.0.0.202105311346/tools/bin/../lib/gcc/arm-none-eabi/9.3.1/../../../../arm-none-eabi/lib/thumb/v7-m/nofp\libc_nano.a
LOAD d:/stm32cubeide_1.7.0/stm32cubeide/plugins/com.st.stm32cube.ide.mcu.externaltools.gnu-tools-for-stm32.9-2020-q2-update.win32_2.0.0.202105311346/tools/bin/../lib/gcc/arm-none-eabi/9.3.1/../../../../arm-none-eabi/lib/thumb/v7-m/nofp\libnosys.a
END GROUP
LOAD d:/stm32cubeide_1.7.0/stm32cubeide/plugins/com.st.stm32cube.ide.mcu.externaltools.gnu-tools-for-stm32.9-2020-q2-update.win32_2.0.0.202105311346/tools/bin/../lib/gcc/arm-none-eabi/9.3.1/thumb/v7-m/nofp/crtend.o
LOAD d:/stm32cubeide_1.7.0/stm32cubeide/plugins/com.st.stm32cube.ide.mcu.externaltools.gnu-tools-for-stm32.9-2020-q2-update.win32_2.0.0.202105311346/tools/bin/../lib/gcc/arm-none-eabi/9.3.1/thumb/v7-m/nofp/crtn.o
                0x0000000020002800                _estack = (ORIGIN (RAM) + LENGTH (RAM))
                0x0000000000000200                _Min_Heap_Size = 0x200
                0x0000000000000400                _Min_Stack_Size = 0x400

.isr_vector     0x0000000008000000      0x10c
                0x0000000008000000                . = ALIGN (0x4)
 *(.isr_vector)
 .isr_vector    0x0000000008000000      0x10c ./Core/Startup/startup_stm32f103c6ux.o
                0x0000000008000000                g_pfnVectors
                0x000000000800010c                . = ALIGN (0x4)

.text           0x000000000800010c     0x30ec
                0x000000000800010c                . = ALIGN (0x4)
 *(.text)
 .text          0x000000000800010c       0x40 d:/stm32cubeide_1.7.0/stm32cubeide/plugins/com.st.stm32cube.ide.mcu.externaltools.gnu-tools-for-stm32.9-2020-q2-update.win32_2.0.0.202105311346/tools/bin/../lib/gcc/arm-none-eabi/9.3.1/thumb/v7-m/nofp/crtbegin.o
 *(.text*)
 .text.fsm_automatic_run
                0x000000000800014c      0x380 ./Core/Src/fsm_automatic.o
                0x000000000800014c                fsm_automatic_run
 .text.fsm_manual_run
                0x00000000080004cc      0x2d4 ./Core/Src/fsm_manual.o
                0x00000000080004cc                fsm_manual_run
 .text.clearEN  0x00000000080007a0       0x18 ./Core/Src/handle_leds.o
                0x00000000080007a0                clearEN
 .text.blinkLEDs
                0x00000000080007b8       0xe4 ./Core/Src/handle_leds.o
                0x00000000080007b8                blinkLEDs
 .text.Traffic_setColor
                0x000000000800089c       0xf0 ./Core/Src/handle_leds.o
                0x000000000800089c                Traffic_setColor
 .text.display7SEG
                0x000000000800098c      0x570 ./Core/Src/handle_leds.o
                0x000000000800098c                display7SEG
 .text.update7SEG
                0x0000000008000efc       0xd0 ./Core/Src/handle_leds.o
                0x0000000008000efc                update7SEG
 .text.updateBuffer
                0x0000000008000fcc       0x80 ./Core/Src/handle_leds.o
                0x0000000008000fcc                updateBuffer
 .text.button_reading
                0x000000000800104c      0x124 ./Core/Src/input_reading.o
                0x000000000800104c                button_reading
 .text.isButtonPressed
                0x0000000008001170       0x44 ./Core/Src/input_reading.o
                0x0000000008001170                isButtonPressed
 .text.setBackButtonFlag
                0x00000000080011b4       0x20 ./Core/Src/input_reading.o
                0x00000000080011b4                setBackButtonFlag
 .text.main     0x00000000080011d4       0xe4 ./Core/Src/main.o
                0x00000000080011d4                main
 .text.SystemClock_Config
                0x00000000080012b8       0x76 ./Core/Src/main.o
                0x00000000080012b8                SystemClock_Config
 *fill*         0x000000000800132e        0x2 
 .text.MX_TIM2_Init
                0x0000000008001330       0x98 ./Core/Src/main.o
 .text.MX_GPIO_Init
                0x00000000080013c8       0xc4 ./Core/Src/main.o
 .text.HAL_TIM_PeriodElapsedCallback
                0x000000000800148c       0x14 ./Core/Src/main.o
                0x000000000800148c                HAL_TIM_PeriodElapsedCallback
 .text.Error_Handler
                0x00000000080014a0        0xa ./Core/Src/main.o
                0x00000000080014a0                Error_Handler
 *fill*         0x00000000080014aa        0x2 
 .text.SCH_Init
                0x00000000080014ac       0x8c ./Core/Src/scheduler.o
                0x00000000080014ac                SCH_Init
 .text.SCH_Update
                0x0000000008001538       0x40 ./Core/Src/scheduler.o
                0x0000000008001538                SCH_Update
 .text.SCH_Add_Task
                0x0000000008001578      0x1e4 ./Core/Src/scheduler.o
                0x0000000008001578                SCH_Add_Task
 .text.SCH_Delete_Task
                0x000000000800175c       0xf0 ./Core/Src/scheduler.o
                0x000000000800175c                SCH_Delete_Task
 .text.SCH_Dispatch_Tasks
                0x000000000800184c       0x50 ./Core/Src/scheduler.o
                0x000000000800184c                SCH_Dispatch_Tasks
 .text.Get_New_Task_ID
                0x000000000800189c       0x20 ./Core/Src/scheduler.o
 .text.setTimer7SEG
                0x00000000080018bc       0x38 ./Core/Src/software_timer.o
                0x00000000080018bc                setTimer7SEG
 .text.setTimerSecond
                0x00000000080018f4       0x38 ./Core/Src/software_timer.o
                0x00000000080018f4                setTimerSecond
 .text.setTimer
                0x000000000800192c       0x40 ./Core/Src/software_timer.o
                0x000000000800192c                setTimer
 .text.timerRun
                0x000000000800196c       0x60 ./Core/Src/software_timer.o
                0x000000000800196c                timerRun
 .text.timerRunSecond
                0x00000000080019cc       0x34 ./Core/Src/software_timer.o
                0x00000000080019cc                timerRunSecond
 .text.timerRun7SEG
                0x0000000008001a00       0x34 ./Core/Src/software_timer.o
                0x0000000008001a00                timerRun7SEG
 .text.HAL_MspInit
                0x0000000008001a34       0x64 ./Core/Src/stm32f1xx_hal_msp.o
                0x0000000008001a34                HAL_MspInit
 .text.HAL_TIM_Base_MspInit
                0x0000000008001a98       0x48 ./Core/Src/stm32f1xx_hal_msp.o
                0x0000000008001a98                HAL_TIM_Base_MspInit
 .text.NMI_Handler
                0x0000000008001ae0        0x6 ./Core/Src/stm32f1xx_it.o
                0x0000000008001ae0                NMI_Handler
 .text.HardFault_Handler
                0x0000000008001ae6        0x6 ./Core/Src/stm32f1xx_it.o
                0x0000000008001ae6                HardFault_Handler
 .text.MemManage_Handler
                0x0000000008001aec        0x6 ./Core/Src/stm32f1xx_it.o
                0x0000000008001aec                MemManage_Handler
 .text.BusFault_Handler
                0x0000000008001af2        0x6 ./Core/Src/stm32f1xx_it.o
                0x0000000008001af2                BusFault_Handler
 .text.UsageFault_Handler
                0x0000000008001af8        0x6 ./Core/Src/stm32f1xx_it.o
                0x0000000008001af8                UsageFault_Handler
 .text.SVC_Handler
                0x0000000008001afe        0xc ./Core/Src/stm32f1xx_it.o
                0x0000000008001afe                SVC_Handler
 .text.DebugMon_Handler
                0x0000000008001b0a        0xc ./Core/Src/stm32f1xx_it.o
                0x0000000008001b0a                DebugMon_Handler
 .text.PendSV_Handler
                0x0000000008001b16        0xc ./Core/Src/stm32f1xx_it.o
                0x0000000008001b16                PendSV_Handler
 .text.SysTick_Handler
                0x0000000008001b22        0xc ./Core/Src/stm32f1xx_it.o
                0x0000000008001b22                SysTick_Handler
 *fill*         0x0000000008001b2e        0x2 
 .text.TIM2_IRQHandler
                0x0000000008001b30       0x14 ./Core/Src/stm32f1xx_it.o
                0x0000000008001b30                TIM2_IRQHandler
 .text.SystemInit
                0x0000000008001b44        0xc ./Core/Src/system_stm32f1xx.o
                0x0000000008001b44                SystemInit
 .text.Reset_Handler
                0x0000000008001b50       0x48 ./Core/Startup/startup_stm32f103c6ux.o
                0x0000000008001b50                Reset_Handler
 .text.Default_Handler
                0x0000000008001b98        0x2 ./Core/Startup/startup_stm32f103c6ux.o
                0x0000000008001b98                RTC_Alarm_IRQHandler
                0x0000000008001b98                EXTI2_IRQHandler
                0x0000000008001b98                TIM1_CC_IRQHandler
                0x0000000008001b98                PVD_IRQHandler
                0x0000000008001b98                EXTI3_IRQHandler
                0x0000000008001b98                EXTI0_IRQHandler
                0x0000000008001b98                ADC1_2_IRQHandler
                0x0000000008001b98                SPI1_IRQHandler
                0x0000000008001b98                TAMPER_IRQHandler
                0x0000000008001b98                DMA1_Channel4_IRQHandler
                0x0000000008001b98                RTC_IRQHandler
                0x0000000008001b98                DMA1_Channel7_IRQHandler
                0x0000000008001b98                CAN1_RX1_IRQHandler
                0x0000000008001b98                I2C1_EV_IRQHandler
                0x0000000008001b98                DMA1_Channel6_IRQHandler
                0x0000000008001b98                TIM3_IRQHandler
                0x0000000008001b98                RCC_IRQHandler
                0x0000000008001b98                TIM1_TRG_COM_IRQHandler
                0x0000000008001b98                DMA1_Channel1_IRQHandler
                0x0000000008001b98                Default_Handler
                0x0000000008001b98                EXTI15_10_IRQHandler
                0x0000000008001b98                EXTI9_5_IRQHandler
                0x0000000008001b98                DMA1_Channel5_IRQHandler
                0x0000000008001b98                EXTI4_IRQHandler
                0x0000000008001b98                USB_LP_CAN1_RX0_IRQHandler
                0x0000000008001b98                USB_HP_CAN1_TX_IRQHandler
                0x0000000008001b98                DMA1_Channel3_IRQHandler
                0x0000000008001b98                TIM1_UP_IRQHandler
                0x0000000008001b98                WWDG_IRQHandler
                0x0000000008001b98                TIM1_BRK_IRQHandler
                0x0000000008001b98                EXTI1_IRQHandler
                0x0000000008001b98                USART2_IRQHandler
                0x0000000008001b98                DMA1_Channel2_IRQHandler
                0x0000000008001b98                CAN1_SCE_IRQHandler
                0x0000000008001b98                FLASH_IRQHandler
                0x0000000008001b98                USART1_IRQHandler
                0x0000000008001b98                I2C1_ER_IRQHandler
                0x0000000008001b98                USBWakeUp_IRQHandler
 *fill*         0x0000000008001b9a        0x2 
 .text.HAL_Init
                0x0000000008001b9c       0x2c ./Drivers/STM32F1xx_HAL_Driver/Src/stm32f1xx_hal.o
                0x0000000008001b9c                HAL_Init
 .text.HAL_InitTick
                0x0000000008001bc8       0x60 ./Drivers/STM32F1xx_HAL_Driver/Src/stm32f1xx_hal.o
                0x0000000008001bc8                HAL_InitTick
 .text.HAL_IncTick
                0x0000000008001c28       0x24 ./Drivers/STM32F1xx_HAL_Driver/Src/stm32f1xx_hal.o
                0x0000000008001c28                HAL_IncTick
 .text.HAL_GetTick
                0x0000000008001c4c       0x14 ./Drivers/STM32F1xx_HAL_Driver/Src/stm32f1xx_hal.o
                0x0000000008001c4c                HAL_GetTick
 .text.__NVIC_SetPriorityGrouping
                0x0000000008001c60       0x48 ./Drivers/STM32F1xx_HAL_Driver/Src/stm32f1xx_hal_cortex.o
 .text.__NVIC_GetPriorityGrouping
                0x0000000008001ca8       0x1c ./Drivers/STM32F1xx_HAL_Driver/Src/stm32f1xx_hal_cortex.o
 .text.__NVIC_EnableIRQ
                0x0000000008001cc4       0x38 ./Drivers/STM32F1xx_HAL_Driver/Src/stm32f1xx_hal_cortex.o
 .text.__NVIC_SetPriority
                0x0000000008001cfc       0x54 ./Drivers/STM32F1xx_HAL_Driver/Src/stm32f1xx_hal_cortex.o
 .text.NVIC_EncodePriority
                0x0000000008001d50       0x64 ./Drivers/STM32F1xx_HAL_Driver/Src/stm32f1xx_hal_cortex.o
 .text.SysTick_Config
                0x0000000008001db4       0x44 ./Drivers/STM32F1xx_HAL_Driver/Src/stm32f1xx_hal_cortex.o
 .text.HAL_NVIC_SetPriorityGrouping
                0x0000000008001df8       0x16 ./Drivers/STM32F1xx_HAL_Driver/Src/stm32f1xx_hal_cortex.o
                0x0000000008001df8                HAL_NVIC_SetPriorityGrouping
 .text.HAL_NVIC_SetPriority
                0x0000000008001e0e       0x38 ./Drivers/STM32F1xx_HAL_Driver/Src/stm32f1xx_hal_cortex.o
                0x0000000008001e0e                HAL_NVIC_SetPriority
 .text.HAL_NVIC_EnableIRQ
                0x0000000008001e46       0x1c ./Drivers/STM32F1xx_HAL_Driver/Src/stm32f1xx_hal_cortex.o
                0x0000000008001e46                HAL_NVIC_EnableIRQ
 .text.HAL_SYSTICK_Config
                0x0000000008001e62       0x18 ./Drivers/STM32F1xx_HAL_Driver/Src/stm32f1xx_hal_cortex.o
                0x0000000008001e62                HAL_SYSTICK_Config
 *fill*         0x0000000008001e7a        0x2 
 .text.HAL_GPIO_Init
                0x0000000008001e7c      0x2f4 ./Drivers/STM32F1xx_HAL_Driver/Src/stm32f1xx_hal_gpio.o
                0x0000000008001e7c                HAL_GPIO_Init
 .text.HAL_GPIO_ReadPin
                0x0000000008002170       0x2e ./Drivers/STM32F1xx_HAL_Driver/Src/stm32f1xx_hal_gpio.o
                0x0000000008002170                HAL_GPIO_ReadPin
 .text.HAL_GPIO_WritePin
                0x000000000800219e       0x30 ./Drivers/STM32F1xx_HAL_Driver/Src/stm32f1xx_hal_gpio.o
                0x000000000800219e                HAL_GPIO_WritePin
 .text.HAL_GPIO_TogglePin
                0x00000000080021ce       0x32 ./Drivers/STM32F1xx_HAL_Driver/Src/stm32f1xx_hal_gpio.o
                0x00000000080021ce                HAL_GPIO_TogglePin
 .text.HAL_RCC_OscConfig
                0x0000000008002200      0x500 ./Drivers/STM32F1xx_HAL_Driver/Src/stm32f1xx_hal_rcc.o
                0x0000000008002200                HAL_RCC_OscConfig
 .text.HAL_RCC_ClockConfig
                0x0000000008002700      0x1d4 ./Drivers/STM32F1xx_HAL_Driver/Src/stm32f1xx_hal_rcc.o
                0x0000000008002700                HAL_RCC_ClockConfig
 .text.HAL_RCC_GetSysClockFreq
                0x00000000080028d4       0xa8 ./Drivers/STM32F1xx_HAL_Driver/Src/stm32f1xx_hal_rcc.o
                0x00000000080028d4                HAL_RCC_GetSysClockFreq
 .text.RCC_Delay
                0x000000000800297c       0x3c ./Drivers/STM32F1xx_HAL_Driver/Src/stm32f1xx_hal_rcc.o
 .text.HAL_TIM_Base_Init
                0x00000000080029b8       0x9e ./Drivers/STM32F1xx_HAL_Driver/Src/stm32f1xx_hal_tim.o
                0x00000000080029b8                HAL_TIM_Base_Init
 *fill*         0x0000000008002a56        0x2 
 .text.HAL_TIM_Base_Start_IT
                0x0000000008002a58       0x98 ./Drivers/STM32F1xx_HAL_Driver/Src/stm32f1xx_hal_tim.o
                0x0000000008002a58                HAL_TIM_Base_Start_IT
 .text.HAL_TIM_IRQHandler
                0x0000000008002af0      0x210 ./Drivers/STM32F1xx_HAL_Driver/Src/stm32f1xx_hal_tim.o
                0x0000000008002af0                HAL_TIM_IRQHandler
 .text.HAL_TIM_ConfigClockSource
                0x0000000008002d00      0x18e ./Drivers/STM32F1xx_HAL_Driver/Src/stm32f1xx_hal_tim.o
                0x0000000008002d00                HAL_TIM_ConfigClockSource
 .text.HAL_TIM_OC_DelayElapsedCallback
                0x0000000008002e8e       0x12 ./Drivers/STM32F1xx_HAL_Driver/Src/stm32f1xx_hal_tim.o
                0x0000000008002e8e                HAL_TIM_OC_DelayElapsedCallback
 .text.HAL_TIM_IC_CaptureCallback
                0x0000000008002ea0       0x12 ./Drivers/STM32F1xx_HAL_Driver/Src/stm32f1xx_hal_tim.o
                0x0000000008002ea0                HAL_TIM_IC_CaptureCallback
 .text.HAL_TIM_PWM_PulseFinishedCallback
                0x0000000008002eb2       0x12 ./Drivers/STM32F1xx_HAL_Driver/Src/stm32f1xx_hal_tim.o
                0x0000000008002eb2                HAL_TIM_PWM_PulseFinishedCallback
 .text.HAL_TIM_TriggerCallback
                0x0000000008002ec4       0x12 ./Drivers/STM32F1xx_HAL_Driver/Src/stm32f1xx_hal_tim.o
                0x0000000008002ec4                HAL_TIM_TriggerCallback
 *fill*         0x0000000008002ed6        0x2 
 .text.TIM_Base_SetConfig
                0x0000000008002ed8       0xb0 ./Drivers/STM32F1xx_HAL_Driver/Src/stm32f1xx_hal_tim.o
                0x0000000008002ed8                TIM_Base_SetConfig
 .text.TIM_TI1_ConfigInputStage
                0x0000000008002f88       0x5c ./Drivers/STM32F1xx_HAL_Driver/Src/stm32f1xx_hal_tim.o
 .text.TIM_TI2_ConfigInputStage
                0x0000000008002fe4       0x5e ./Drivers/STM32F1xx_HAL_Driver/Src/stm32f1xx_hal_tim.o
 .text.TIM_ITRx_SetConfig
                0x0000000008003042       0x34 ./Drivers/STM32F1xx_HAL_Driver/Src/stm32f1xx_hal_tim.o
 .text.TIM_ETR_SetConfig
                0x0000000008003076       0x3e ./Drivers/STM32F1xx_HAL_Driver/Src/stm32f1xx_hal_tim.o
                0x0000000008003076                TIM_ETR_SetConfig
 .text.HAL_TIMEx_MasterConfigSynchronization
                0x00000000080030b4       0xb0 ./Drivers/STM32F1xx_HAL_Driver/Src/stm32f1xx_hal_tim_ex.o
                0x00000000080030b4                HAL_TIMEx_MasterConfigSynchronization
 .text.HAL_TIMEx_CommutCallback
                0x0000000008003164       0x12 ./Drivers/STM32F1xx_HAL_Driver/Src/stm32f1xx_hal_tim_ex.o
                0x0000000008003164                HAL_TIMEx_CommutCallback
 .text.HAL_TIMEx_BreakCallback
                0x0000000008003176       0x12 ./Drivers/STM32F1xx_HAL_Driver/Src/stm32f1xx_hal_tim_ex.o
                0x0000000008003176                HAL_TIMEx_BreakCallback
 .text.__libc_init_array
                0x0000000008003188       0x48 d:/stm32cubeide_1.7.0/stm32cubeide/plugins/com.st.stm32cube.ide.mcu.externaltools.gnu-tools-for-stm32.9-2020-q2-update.win32_2.0.0.202105311346/tools/bin/../lib/gcc/arm-none-eabi/9.3.1/../../../../arm-none-eabi/lib/thumb/v7-m/nofp\libc_nano.a(lib_a-init.o)
                0x0000000008003188                __libc_init_array
 .text.memset   0x00000000080031d0       0x10 d:/stm32cubeide_1.7.0/stm32cubeide/plugins/com.st.stm32cube.ide.mcu.externaltools.gnu-tools-for-stm32.9-2020-q2-update.win32_2.0.0.202105311346/tools/bin/../lib/gcc/arm-none-eabi/9.3.1/../../../../arm-none-eabi/lib/thumb/v7-m/nofp\libc_nano.a(lib_a-memset.o)
                0x00000000080031d0                memset
 *(.glue_7)
 .glue_7        0x00000000080031e0        0x0 linker stubs
 *(.glue_7t)
 .glue_7t       0x00000000080031e0        0x0 linker stubs
 *(.eh_frame)
 .eh_frame      0x00000000080031e0        0x0 d:/stm32cubeide_1.7.0/stm32cubeide/plugins/com.st.stm32cube.ide.mcu.externaltools.gnu-tools-for-stm32.9-2020-q2-update.win32_2.0.0.202105311346/tools/bin/../lib/gcc/arm-none-eabi/9.3.1/thumb/v7-m/nofp/crtbegin.o
 *(.init)
 .init          0x00000000080031e0        0x4 d:/stm32cubeide_1.7.0/stm32cubeide/plugins/com.st.stm32cube.ide.mcu.externaltools.gnu-tools-for-stm32.9-2020-q2-update.win32_2.0.0.202105311346/tools/bin/../lib/gcc/arm-none-eabi/9.3.1/thumb/v7-m/nofp/crti.o
                0x00000000080031e0                _init
 .init          0x00000000080031e4        0x8 d:/stm32cubeide_1.7.0/stm32cubeide/plugins/com.st.stm32cube.ide.mcu.externaltools.gnu-tools-for-stm32.9-2020-q2-update.win32_2.0.0.202105311346/tools/bin/../lib/gcc/arm-none-eabi/9.3.1/thumb/v7-m/nofp/crtn.o
 *(.fini)
 .fini          0x00000000080031ec        0x4 d:/stm32cubeide_1.7.0/stm32cubeide/plugins/com.st.stm32cube.ide.mcu.externaltools.gnu-tools-for-stm32.9-2020-q2-update.win32_2.0.0.202105311346/tools/bin/../lib/gcc/arm-none-eabi/9.3.1/thumb/v7-m/nofp/crti.o
                0x00000000080031ec                _fini
 .fini          0x00000000080031f0        0x8 d:/stm32cubeide_1.7.0/stm32cubeide/plugins/com.st.stm32cube.ide.mcu.externaltools.gnu-tools-for-stm32.9-2020-q2-update.win32_2.0.0.202105311346/tools/bin/../lib/gcc/arm-none-eabi/9.3.1/thumb/v7-m/nofp/crtn.o
                0x00000000080031f8                . = ALIGN (0x4)
                0x00000000080031f8                _etext = .

.vfp11_veneer   0x00000000080031f8        0x0
 .vfp11_veneer  0x00000000080031f8        0x0 linker stubs

.v4_bx          0x00000000080031f8        0x0
 .v4_bx         0x00000000080031f8        0x0 linker stubs

.iplt           0x00000000080031f8        0x0
 .iplt          0x00000000080031f8        0x0 d:/stm32cubeide_1.7.0/stm32cubeide/plugins/com.st.stm32cube.ide.mcu.externaltools.gnu-tools-for-stm32.9-2020-q2-update.win32_2.0.0.202105311346/tools/bin/../lib/gcc/arm-none-eabi/9.3.1/thumb/v7-m/nofp/crtbegin.o

.rodata         0x00000000080031f8       0x24
                0x00000000080031f8                . = ALIGN (0x4)
 *(.rodata)
 *(.rodata*)
 .rodata.AHBPrescTable
                0x00000000080031f8       0x10 ./Core/Src/system_stm32f1xx.o
                0x00000000080031f8                AHBPrescTable
 .rodata.aPLLMULFactorTable.6032
                0x0000000008003208       0x10 ./Drivers/STM32F1xx_HAL_Driver/Src/stm32f1xx_hal_rcc.o
 .rodata.aPredivFactorTable.6033
                0x0000000008003218        0x2 ./Drivers/STM32F1xx_HAL_Driver/Src/stm32f1xx_hal_rcc.o
                0x000000000800321c                . = ALIGN (0x4)
 *fill*         0x000000000800321a        0x2 

.rel.dyn        0x000000000800321c        0x0
 .rel.iplt      0x000000000800321c        0x0 d:/stm32cubeide_1.7.0/stm32cubeide/plugins/com.st.stm32cube.ide.mcu.externaltools.gnu-tools-for-stm32.9-2020-q2-update.win32_2.0.0.202105311346/tools/bin/../lib/gcc/arm-none-eabi/9.3.1/thumb/v7-m/nofp/crtbegin.o

.ARM.extab      0x000000000800321c        0x0
                0x000000000800321c                . = ALIGN (0x4)
 *(.ARM.extab* .gnu.linkonce.armextab.*)
                0x000000000800321c                . = ALIGN (0x4)

.ARM            0x000000000800321c        0x0
                0x000000000800321c                . = ALIGN (0x4)
                0x000000000800321c                __exidx_start = .
 *(.ARM.exidx*)
                0x000000000800321c                __exidx_end = .
                0x000000000800321c                . = ALIGN (0x4)

.preinit_array  0x000000000800321c        0x0
                0x000000000800321c                . = ALIGN (0x4)
                0x000000000800321c                PROVIDE (__preinit_array_start = .)
 *(.preinit_array*)
                0x000000000800321c                PROVIDE (__preinit_array_end = .)
                0x000000000800321c                . = ALIGN (0x4)

.init_array     0x000000000800321c        0x4
                0x000000000800321c                . = ALIGN (0x4)
                0x000000000800321c                PROVIDE (__init_array_start = .)
 *(SORT_BY_NAME(.init_array.*))
 *(.init_array*)
 .init_array    0x000000000800321c        0x4 d:/stm32cubeide_1.7.0/stm32cubeide/plugins/com.st.stm32cube.ide.mcu.externaltools.gnu-tools-for-stm32.9-2020-q2-update.win32_2.0.0.202105311346/tools/bin/../lib/gcc/arm-none-eabi/9.3.1/thumb/v7-m/nofp/crtbegin.o
                0x0000000008003220                PROVIDE (__init_array_end = .)
                0x0000000008003220                . = ALIGN (0x4)

.fini_array     0x0000000008003220        0x4
                0x0000000008003220                . = ALIGN (0x4)
                [!provide]                        PROVIDE (__fini_array_start = .)
 *(SORT_BY_NAME(.fini_array.*))
 *(.fini_array*)
 .fini_array    0x0000000008003220        0x4 d:/stm32cubeide_1.7.0/stm32cubeide/plugins/com.st.stm32cube.ide.mcu.externaltools.gnu-tools-for-stm32.9-2020-q2-update.win32_2.0.0.202105311346/tools/bin/../lib/gcc/arm-none-eabi/9.3.1/thumb/v7-m/nofp/crtbegin.o
                [!provide]                        PROVIDE (__fini_array_end = .)
                0x0000000008003224                . = ALIGN (0x4)
                0x0000000008003224                _sidata = LOADADDR (.data)

.data           0x0000000020000000       0x50 load address 0x0000000008003224
                0x0000000020000000                . = ALIGN (0x4)
                0x0000000020000000                _sdata = .
 *(.data)
 *(.data*)
 .data.status   0x0000000020000000        0x4 ./Core/Src/global.o
                0x0000000020000000                status
 .data.durationRED
                0x0000000020000004        0x4 ./Core/Src/global.o
                0x0000000020000004                durationRED
 .data.durationYELLOW
                0x0000000020000008        0x4 ./Core/Src/global.o
                0x0000000020000008                durationYELLOW
 .data.durationGREEN
                0x000000002000000c        0x4 ./Core/Src/global.o
                0x000000002000000c                durationGREEN
 .data.SEG      0x0000000020000010       0x1c ./Core/Src/handle_leds.o
                0x0000000020000010                SEG
 .data.buttonBuffer
                0x000000002000002c        0x3 ./Core/Src/input_reading.o
 *fill*         0x000000002000002f        0x1 
 .data.pins     0x0000000020000030        0x6 ./Core/Src/input_reading.o
                0x0000000020000030                pins
 *fill*         0x0000000020000036        0x2 
 .data.ports    0x0000000020000038        0xc ./Core/Src/input_reading.o
                0x0000000020000038                ports
 .data.SystemCoreClock
                0x0000000020000044        0x4 ./Core/Src/system_stm32f1xx.o
                0x0000000020000044                SystemCoreClock
 .data.uwTickPrio
                0x0000000020000048        0x4 ./Drivers/STM32F1xx_HAL_Driver/Src/stm32f1xx_hal.o
                0x0000000020000048                uwTickPrio
 .data.uwTickFreq
                0x000000002000004c        0x1 ./Drivers/STM32F1xx_HAL_Driver/Src/stm32f1xx_hal.o
                0x000000002000004c                uwTickFreq
 *(.RamFunc)
 *(.RamFunc*)
                0x0000000020000050                . = ALIGN (0x4)
 *fill*         0x000000002000004d        0x3 
                0x0000000020000050                _edata = .

.igot.plt       0x0000000020000050        0x0 load address 0x0000000008003274
 .igot.plt      0x0000000020000050        0x0 d:/stm32cubeide_1.7.0/stm32cubeide/plugins/com.st.stm32cube.ide.mcu.externaltools.gnu-tools-for-stm32.9-2020-q2-update.win32_2.0.0.202105311346/tools/bin/../lib/gcc/arm-none-eabi/9.3.1/thumb/v7-m/nofp/crtbegin.o
                0x0000000020000050                . = ALIGN (0x4)

.bss            0x0000000020000050      0x1a8 load address 0x0000000008003274
                0x0000000020000050                _sbss = .
                0x0000000020000050                __bss_start__ = _sbss
 *(.bss)
 .bss           0x0000000020000050       0x1c d:/stm32cubeide_1.7.0/stm32cubeide/plugins/com.st.stm32cube.ide.mcu.externaltools.gnu-tools-for-stm32.9-2020-q2-update.win32_2.0.0.202105311346/tools/bin/../lib/gcc/arm-none-eabi/9.3.1/thumb/v7-m/nofp/crtbegin.o
 *(.bss*)
 .bss.timerTraffic1
                0x000000002000006c        0x4 ./Core/Src/global.o
                0x000000002000006c                timerTraffic1
 .bss.timerTraffic2
                0x0000000020000070        0x4 ./Core/Src/global.o
                0x0000000020000070                timerTraffic2
 .bss.led_index
                0x0000000020000074        0x4 ./Core/Src/global.o
                0x0000000020000074                led_index
 .bss.led_buffer
                0x0000000020000078       0x10 ./Core/Src/handle_leds.o
                0x0000000020000078                led_buffer
 .bss.debounceButtonBuffer1
                0x0000000020000088        0x3 ./Core/Src/input_reading.o
 *fill*         0x000000002000008b        0x1 
 .bss.debounceButtonBuffer2
                0x000000002000008c        0x3 ./Core/Src/input_reading.o
 *fill*         0x000000002000008f        0x1 
 .bss.debounceButtonBuffer3
                0x0000000020000090        0x3 ./Core/Src/input_reading.o
 *fill*         0x0000000020000093        0x1 
 .bss.buttonFlag
                0x0000000020000094        0xc ./Core/Src/input_reading.o
                0x0000000020000094                buttonFlag
 .bss.buttonTimeOut
                0x00000000200000a0        0xc ./Core/Src/input_reading.o
                0x00000000200000a0                buttonTimeOut
 .bss.SCH_tasks_Array
                0x00000000200000ac       0xc8 ./Core/Src/scheduler.o
 .bss.newTaskID
                0x0000000020000174        0x4 ./Core/Src/scheduler.o
 .bss.timer7SEG
                0x0000000020000178        0x4 ./Core/Src/software_timer.o
                0x0000000020000178                timer7SEG
 .bss.counter7SEG
                0x000000002000017c        0x4 ./Core/Src/software_timer.o
                0x000000002000017c                counter7SEG
 .bss.timerSecond
                0x0000000020000180        0x4 ./Core/Src/software_timer.o
                0x0000000020000180                timerSecond
 .bss.counterSecond
                0x0000000020000184        0x4 ./Core/Src/software_timer.o
                0x0000000020000184                counterSecond
 .bss.timerFlag
                0x0000000020000188        0xc ./Core/Src/software_timer.o
                0x0000000020000188                timerFlag
 .bss.counter   0x0000000020000194        0xc ./Core/Src/software_timer.o
                0x0000000020000194                counter
 *(COMMON)
 COMMON         0x00000000200001a0        0xc ./Core/Src/fsm_automatic.o
                0x00000000200001a0                GREEN_sec
                0x00000000200001a4                YELLOW_sec
                0x00000000200001a8                RED_sec
 COMMON         0x00000000200001ac       0x48 ./Core/Src/main.o
                0x00000000200001ac                htim2
 COMMON         0x00000000200001f4        0x4 ./Drivers/STM32F1xx_HAL_Driver/Src/stm32f1xx_hal.o
                0x00000000200001f4                uwTick
                0x00000000200001f8                . = ALIGN (0x4)
                0x00000000200001f8                _ebss = .
                0x00000000200001f8                __bss_end__ = _ebss

._user_heap_stack
                0x00000000200001f8      0x600 load address 0x0000000008003274
                0x00000000200001f8                . = ALIGN (0x8)
                [!provide]                        PROVIDE (end = .)
                0x00000000200001f8                PROVIDE (_end = .)
                0x00000000200003f8                . = (. + _Min_Heap_Size)
 *fill*         0x00000000200001f8      0x200 
                0x00000000200007f8                . = (. + _Min_Stack_Size)
 *fill*         0x00000000200003f8      0x400 
                0x00000000200007f8                . = ALIGN (0x8)

/DISCARD/
 libc.a(*)
 libm.a(*)
 libgcc.a(*)

.ARM.attributes
                0x0000000000000000       0x29
 *(.ARM.attributes)
 .ARM.attributes
                0x0000000000000000       0x1d d:/stm32cubeide_1.7.0/stm32cubeide/plugins/com.st.stm32cube.ide.mcu.externaltools.gnu-tools-for-stm32.9-2020-q2-update.win32_2.0.0.202105311346/tools/bin/../lib/gcc/arm-none-eabi/9.3.1/thumb/v7-m/nofp/crti.o
 .ARM.attributes
                0x000000000000001d       0x2d d:/stm32cubeide_1.7.0/stm32cubeide/plugins/com.st.stm32cube.ide.mcu.externaltools.gnu-tools-for-stm32.9-2020-q2-update.win32_2.0.0.202105311346/tools/bin/../lib/gcc/arm-none-eabi/9.3.1/thumb/v7-m/nofp/crtbegin.o
 .ARM.attributes
                0x000000000000004a       0x2d ./Core/Src/fsm_automatic.o
 .ARM.attributes
                0x0000000000000077       0x2d ./Core/Src/fsm_manual.o
 .ARM.attributes
                0x00000000000000a4       0x33 ./Core/Src/global.o
 .ARM.attributes
                0x00000000000000d7       0x2d ./Core/Src/handle_leds.o
 .ARM.attributes
                0x0000000000000104       0x2d ./Core/Src/input_reading.o
 .ARM.attributes
                0x0000000000000131       0x2d ./Core/Src/main.o
 .ARM.attributes
                0x000000000000015e       0x2d ./Core/Src/scheduler.o
 .ARM.attributes
                0x000000000000018b       0x2d ./Core/Src/software_timer.o
 .ARM.attributes
                0x00000000000001b8       0x2d ./Core/Src/stm32f1xx_hal_msp.o
 .ARM.attributes
                0x00000000000001e5       0x2d ./Core/Src/stm32f1xx_it.o
 .ARM.attributes
                0x0000000000000212       0x2d ./Core/Src/system_stm32f1xx.o
 .ARM.attributes
                0x000000000000023f       0x21 ./Core/Startup/startup_stm32f103c6ux.o
 .ARM.attributes
                0x0000000000000260       0x2d ./Drivers/STM32F1xx_HAL_Driver/Src/stm32f1xx_hal.o
 .ARM.attributes
                0x000000000000028d       0x2d ./Drivers/STM32F1xx_HAL_Driver/Src/stm32f1xx_hal_cortex.o
 .ARM.attributes
                0x00000000000002ba       0x2d ./Drivers/STM32F1xx_HAL_Driver/Src/stm32f1xx_hal_gpio.o
 .ARM.attributes
                0x00000000000002e7       0x2d ./Drivers/STM32F1xx_HAL_Driver/Src/stm32f1xx_hal_rcc.o
 .ARM.attributes
                0x0000000000000314       0x2d ./Drivers/STM32F1xx_HAL_Driver/Src/stm32f1xx_hal_tim.o
 .ARM.attributes
                0x0000000000000341       0x2d ./Drivers/STM32F1xx_HAL_Driver/Src/stm32f1xx_hal_tim_ex.o
 .ARM.attributes
                0x000000000000036e       0x2d d:/stm32cubeide_1.7.0/stm32cubeide/plugins/com.st.stm32cube.ide.mcu.externaltools.gnu-tools-for-stm32.9-2020-q2-update.win32_2.0.0.202105311346/tools/bin/../lib/gcc/arm-none-eabi/9.3.1/../../../../arm-none-eabi/lib/thumb/v7-m/nofp\libc_nano.a(lib_a-init.o)
 .ARM.attributes
                0x000000000000039b       0x2d d:/stm32cubeide_1.7.0/stm32cubeide/plugins/com.st.stm32cube.ide.mcu.externaltools.gnu-tools-for-stm32.9-2020-q2-update.win32_2.0.0.202105311346/tools/bin/../lib/gcc/arm-none-eabi/9.3.1/../../../../arm-none-eabi/lib/thumb/v7-m/nofp\libc_nano.a(lib_a-memset.o)
 .ARM.attributes
                0x00000000000003c8       0x1d d:/stm32cubeide_1.7.0/stm32cubeide/plugins/com.st.stm32cube.ide.mcu.externaltools.gnu-tools-for-stm32.9-2020-q2-update.win32_2.0.0.202105311346/tools/bin/../lib/gcc/arm-none-eabi/9.3.1/thumb/v7-m/nofp/crtn.o
OUTPUT(STM32_Lab_3.elf elf32-littlearm)
LOAD linker stubs
LOAD d:/stm32cubeide_1.7.0/stm32cubeide/plugins/com.st.stm32cube.ide.mcu.externaltools.gnu-tools-for-stm32.9-2020-q2-update.win32_2.0.0.202105311346/tools/bin/../lib/gcc/arm-none-eabi/9.3.1/../../../../arm-none-eabi/lib/thumb/v7-m/nofp\libc.a
LOAD d:/stm32cubeide_1.7.0/stm32cubeide/plugins/com.st.stm32cube.ide.mcu.externaltools.gnu-tools-for-stm32.9-2020-q2-update.win32_2.0.0.202105311346/tools/bin/../lib/gcc/arm-none-eabi/9.3.1/../../../../arm-none-eabi/lib/thumb/v7-m/nofp\libm.a
LOAD d:/stm32cubeide_1.7.0/stm32cubeide/plugins/com.st.stm32cube.ide.mcu.externaltools.gnu-tools-for-stm32.9-2020-q2-update.win32_2.0.0.202105311346/tools/bin/../lib/gcc/arm-none-eabi/9.3.1/thumb/v7-m/nofp\libgcc.a

.debug_info     0x0000000000000000     0x9bb1
 .debug_info    0x0000000000000000      0x26c ./Core/Src/fsm_automatic.o
 .debug_info    0x000000000000026c      0x286 ./Core/Src/fsm_manual.o
 .debug_info    0x00000000000004f2      0x2b4 ./Core/Src/global.o
 .debug_info    0x00000000000007a6      0x3fd ./Core/Src/handle_leds.o
 .debug_info    0x0000000000000ba3      0x453 ./Core/Src/input_reading.o
 .debug_info    0x0000000000000ff6      0xcc0 ./Core/Src/main.o
 .debug_info    0x0000000000001cb6      0x2a2 ./Core/Src/scheduler.o
 .debug_info    0x0000000000001f58      0x388 ./Core/Src/software_timer.o
 .debug_info    0x00000000000022e0      0xa09 ./Core/Src/stm32f1xx_hal_msp.o
 .debug_info    0x0000000000002ce9      0x7b9 ./Core/Src/stm32f1xx_it.o
 .debug_info    0x00000000000034a2      0x2be ./Core/Src/system_stm32f1xx.o
 .debug_info    0x0000000000003760       0x22 ./Core/Startup/startup_stm32f103c6ux.o
 .debug_info    0x0000000000003782      0x74c ./Drivers/STM32F1xx_HAL_Driver/Src/stm32f1xx_hal.o
 .debug_info    0x0000000000003ece      0xbbe ./Drivers/STM32F1xx_HAL_Driver/Src/stm32f1xx_hal_cortex.o
 .debug_info    0x0000000000004a8c      0x701 ./Drivers/STM32F1xx_HAL_Driver/Src/stm32f1xx_hal_gpio.o
 .debug_info    0x000000000000518d      0x893 ./Drivers/STM32F1xx_HAL_Driver/Src/stm32f1xx_hal_rcc.o
 .debug_info    0x0000000000005a20     0x2c12 ./Drivers/STM32F1xx_HAL_Driver/Src/stm32f1xx_hal_tim.o
 .debug_info    0x0000000000008632     0x157f ./Drivers/STM32F1xx_HAL_Driver/Src/stm32f1xx_hal_tim_ex.o

.debug_abbrev   0x0000000000000000     0x1d5c
 .debug_abbrev  0x0000000000000000       0xc9 ./Core/Src/fsm_automatic.o
 .debug_abbrev  0x00000000000000c9       0xe3 ./Core/Src/fsm_manual.o
 .debug_abbrev  0x00000000000001ac       0xbc ./Core/Src/global.o
 .debug_abbrev  0x0000000000000268      0x18a ./Core/Src/handle_leds.o
 .debug_abbrev  0x00000000000003f2      0x188 ./Core/Src/input_reading.o
 .debug_abbrev  0x000000000000057a      0x28a ./Core/Src/main.o
 .debug_abbrev  0x0000000000000804      0x14c ./Core/Src/scheduler.o
 .debug_abbrev  0x0000000000000950      0x160 ./Core/Src/software_timer.o
 .debug_abbrev  0x0000000000000ab0      0x1b7 ./Core/Src/stm32f1xx_hal_msp.o
 .debug_abbrev  0x0000000000000c67      0x176 ./Core/Src/stm32f1xx_it.o
 .debug_abbrev  0x0000000000000ddd      0x14e ./Core/Src/system_stm32f1xx.o
 .debug_abbrev  0x0000000000000f2b       0x12 ./Core/Startup/startup_stm32f103c6ux.o
 .debug_abbrev  0x0000000000000f3d      0x1ed ./Drivers/STM32F1xx_HAL_Driver/Src/stm32f1xx_hal.o
 .debug_abbrev  0x000000000000112a      0x313 ./Drivers/STM32F1xx_HAL_Driver/Src/stm32f1xx_hal_cortex.o
 .debug_abbrev  0x000000000000143d      0x1e8 ./Drivers/STM32F1xx_HAL_Driver/Src/stm32f1xx_hal_gpio.o
 .debug_abbrev  0x0000000000001625      0x273 ./Drivers/STM32F1xx_HAL_Driver/Src/stm32f1xx_hal_rcc.o
 .debug_abbrev  0x0000000000001898      0x25e ./Drivers/STM32F1xx_HAL_Driver/Src/stm32f1xx_hal_tim.o
 .debug_abbrev  0x0000000000001af6      0x266 ./Drivers/STM32F1xx_HAL_Driver/Src/stm32f1xx_hal_tim_ex.o

.debug_aranges  0x0000000000000000      0xa90
 .debug_aranges
                0x0000000000000000       0x20 ./Core/Src/fsm_automatic.o
 .debug_aranges
                0x0000000000000020       0x20 ./Core/Src/fsm_manual.o
 .debug_aranges
                0x0000000000000040       0x18 ./Core/Src/global.o
 .debug_aranges
                0x0000000000000058       0x48 ./Core/Src/handle_leds.o
 .debug_aranges
                0x00000000000000a0       0x30 ./Core/Src/input_reading.o
 .debug_aranges
                0x00000000000000d0       0x48 ./Core/Src/main.o
 .debug_aranges
                0x0000000000000118       0x48 ./Core/Src/scheduler.o
 .debug_aranges
                0x0000000000000160       0x48 ./Core/Src/software_timer.o
 .debug_aranges
                0x00000000000001a8       0x30 ./Core/Src/stm32f1xx_hal_msp.o
 .debug_aranges
                0x00000000000001d8       0x68 ./Core/Src/stm32f1xx_it.o
 .debug_aranges
                0x0000000000000240       0x28 ./Core/Src/system_stm32f1xx.o
 .debug_aranges
                0x0000000000000268       0x28 ./Core/Startup/startup_stm32f103c6ux.o
 .debug_aranges
                0x0000000000000290       0xe0 ./Drivers/STM32F1xx_HAL_Driver/Src/stm32f1xx_hal.o
 .debug_aranges
                0x0000000000000370      0x100 ./Drivers/STM32F1xx_HAL_Driver/Src/stm32f1xx_hal_cortex.o
 .debug_aranges
                0x0000000000000470       0x58 ./Drivers/STM32F1xx_HAL_Driver/Src/stm32f1xx_hal_gpio.o
 .debug_aranges
                0x00000000000004c8       0x90 ./Drivers/STM32F1xx_HAL_Driver/Src/stm32f1xx_hal_rcc.o
 .debug_aranges
                0x0000000000000558      0x3d0 ./Drivers/STM32F1xx_HAL_Driver/Src/stm32f1xx_hal_tim.o
 .debug_aranges
                0x0000000000000928      0x168 ./Drivers/STM32F1xx_HAL_Driver/Src/stm32f1xx_hal_tim_ex.o

.debug_ranges   0x0000000000000000      0x970
 .debug_ranges  0x0000000000000000       0x10 ./Core/Src/fsm_automatic.o
 .debug_ranges  0x0000000000000010       0x10 ./Core/Src/fsm_manual.o
 .debug_ranges  0x0000000000000020       0x38 ./Core/Src/handle_leds.o
 .debug_ranges  0x0000000000000058       0x20 ./Core/Src/input_reading.o
 .debug_ranges  0x0000000000000078       0x38 ./Core/Src/main.o
 .debug_ranges  0x00000000000000b0       0x38 ./Core/Src/scheduler.o
 .debug_ranges  0x00000000000000e8       0x38 ./Core/Src/software_timer.o
 .debug_ranges  0x0000000000000120       0x20 ./Core/Src/stm32f1xx_hal_msp.o
 .debug_ranges  0x0000000000000140       0x58 ./Core/Src/stm32f1xx_it.o
 .debug_ranges  0x0000000000000198       0x18 ./Core/Src/system_stm32f1xx.o
 .debug_ranges  0x00000000000001b0       0x20 ./Core/Startup/startup_stm32f103c6ux.o
 .debug_ranges  0x00000000000001d0       0xd0 ./Drivers/STM32F1xx_HAL_Driver/Src/stm32f1xx_hal.o
 .debug_ranges  0x00000000000002a0       0xf0 ./Drivers/STM32F1xx_HAL_Driver/Src/stm32f1xx_hal_cortex.o
 .debug_ranges  0x0000000000000390       0x48 ./Drivers/STM32F1xx_HAL_Driver/Src/stm32f1xx_hal_gpio.o
 .debug_ranges  0x00000000000003d8       0x80 ./Drivers/STM32F1xx_HAL_Driver/Src/stm32f1xx_hal_rcc.o
 .debug_ranges  0x0000000000000458      0x3c0 ./Drivers/STM32F1xx_HAL_Driver/Src/stm32f1xx_hal_tim.o
 .debug_ranges  0x0000000000000818      0x158 ./Drivers/STM32F1xx_HAL_Driver/Src/stm32f1xx_hal_tim_ex.o

.debug_macro    0x0000000000000000    0x16fe0
 .debug_macro   0x0000000000000000      0x1ed ./Core/Src/fsm_automatic.o
 .debug_macro   0x00000000000001ed      0xa9c ./Core/Src/fsm_automatic.o
 .debug_macro   0x0000000000000c89      0x215 ./Core/Src/fsm_automatic.o
 .debug_macro   0x0000000000000e9e       0x2e ./Core/Src/fsm_automatic.o
 .debug_macro   0x0000000000000ecc       0x22 ./Core/Src/fsm_automatic.o
 .debug_macro   0x0000000000000eee       0x22 ./Core/Src/fsm_automatic.o
 .debug_macro   0x0000000000000f10       0x8e ./Core/Src/fsm_automatic.o
 .debug_macro   0x0000000000000f9e       0x51 ./Core/Src/fsm_automatic.o
 .debug_macro   0x0000000000000fef      0x103 ./Core/Src/fsm_automatic.o
 .debug_macro   0x00000000000010f2       0x6a ./Core/Src/fsm_automatic.o
 .debug_macro   0x000000000000115c      0x1df ./Core/Src/fsm_automatic.o
 .debug_macro   0x000000000000133b       0x1c ./Core/Src/fsm_automatic.o
 .debug_macro   0x0000000000001357       0x22 ./Core/Src/fsm_automatic.o
 .debug_macro   0x0000000000001379       0xc3 ./Core/Src/fsm_automatic.o
 .debug_macro   0x000000000000143c      0xd23 ./Core/Src/fsm_automatic.o
 .debug_macro   0x000000000000215f     0xde75 ./Core/Src/fsm_automatic.o
 .debug_macro   0x000000000000ffd4       0x6d ./Core/Src/fsm_automatic.o
 .debug_macro   0x0000000000010041     0x348d ./Core/Src/fsm_automatic.o
 .debug_macro   0x00000000000134ce      0x174 ./Core/Src/fsm_automatic.o
 .debug_macro   0x0000000000013642       0x5c ./Core/Src/fsm_automatic.o
 .debug_macro   0x000000000001369e      0x5bc ./Core/Src/fsm_automatic.o
 .debug_macro   0x0000000000013c5a      0x1b7 ./Core/Src/fsm_automatic.o
 .debug_macro   0x0000000000013e11      0x1cb ./Core/Src/fsm_automatic.o
 .debug_macro   0x0000000000013fdc      0x114 ./Core/Src/fsm_automatic.o
 .debug_macro   0x00000000000140f0      0x1b2 ./Core/Src/fsm_automatic.o
 .debug_macro   0x00000000000142a2       0x27 ./Core/Src/fsm_automatic.o
 .debug_macro   0x00000000000142c9      0x12f ./Core/Src/fsm_automatic.o
 .debug_macro   0x00000000000143f8      0x1bc ./Core/Src/fsm_automatic.o
 .debug_macro   0x00000000000145b4       0x34 ./Core/Src/fsm_automatic.o
 .debug_macro   0x00000000000145e8       0x3c ./Core/Src/fsm_automatic.o
 .debug_macro   0x0000000000014624       0x57 ./Core/Src/fsm_automatic.o
 .debug_macro   0x000000000001467b       0x87 ./Core/Src/fsm_automatic.o
 .debug_macro   0x0000000000014702      0x183 ./Core/Src/fsm_automatic.o
 .debug_macro   0x0000000000014885      0x140 ./Core/Src/fsm_automatic.o
 .debug_macro   0x00000000000149c5      0x8ed ./Core/Src/fsm_automatic.o
 .debug_macro   0x00000000000152b2       0x69 ./Core/Src/fsm_automatic.o
 .debug_macro   0x000000000001531b       0xf4 ./Core/Src/fsm_automatic.o
 .debug_macro   0x000000000001540f       0x1c ./Core/Src/fsm_automatic.o
 .debug_macro   0x000000000001542b       0x16 ./Core/Src/fsm_automatic.o
 .debug_macro   0x0000000000015441       0x64 ./Core/Src/fsm_automatic.o
 .debug_macro   0x00000000000154a5      0x1ed ./Core/Src/fsm_manual.o
 .debug_macro   0x0000000000015692      0x1e9 ./Core/Src/global.o
 .debug_macro   0x000000000001587b      0x1ed ./Core/Src/handle_leds.o
 .debug_macro   0x0000000000015a68      0x1ed ./Core/Src/input_reading.o
 .debug_macro   0x0000000000015c55      0x1ed ./Core/Src/main.o
 .debug_macro   0x0000000000015e42       0x72 ./Core/Src/scheduler.o
 .debug_macro   0x0000000000015eb4       0x10 ./Core/Src/scheduler.o
 .debug_macro   0x0000000000015ec4      0x1f3 ./Core/Src/software_timer.o
 .debug_macro   0x00000000000160b7       0x10 ./Core/Src/software_timer.o
 .debug_macro   0x00000000000160c7      0x1a6 ./Core/Src/stm32f1xx_hal_msp.o
 .debug_macro   0x000000000001626d      0x1b0 ./Core/Src/stm32f1xx_it.o
 .debug_macro   0x000000000001641d      0x197 ./Core/Src/system_stm32f1xx.o
 .debug_macro   0x00000000000165b4      0x1bb ./Drivers/STM32F1xx_HAL_Driver/Src/stm32f1xx_hal.o
 .debug_macro   0x000000000001676f      0x197 ./Drivers/STM32F1xx_HAL_Driver/Src/stm32f1xx_hal_cortex.o
 .debug_macro   0x0000000000016906      0x202 ./Drivers/STM32F1xx_HAL_Driver/Src/stm32f1xx_hal_gpio.o
 .debug_macro   0x0000000000016b08      0x1a9 ./Drivers/STM32F1xx_HAL_Driver/Src/stm32f1xx_hal_rcc.o
 .debug_macro   0x0000000000016cb1      0x198 ./Drivers/STM32F1xx_HAL_Driver/Src/stm32f1xx_hal_tim.o
 .debug_macro   0x0000000000016e49      0x197 ./Drivers/STM32F1xx_HAL_Driver/Src/stm32f1xx_hal_tim_ex.o

.debug_line     0x0000000000000000     0xc8b4
 .debug_line    0x0000000000000000      0x822 ./Core/Src/fsm_automatic.o
 .debug_line    0x0000000000000822      0x7cb ./Core/Src/fsm_manual.o
 .debug_line    0x0000000000000fed      0x69c ./Core/Src/global.o
 .debug_line    0x0000000000001689      0xab0 ./Core/Src/handle_leds.o
 .debug_line    0x0000000000002139      0x770 ./Core/Src/input_reading.o
 .debug_line    0x00000000000028a9      0x7f2 ./Core/Src/main.o
 .debug_line    0x000000000000309b      0x585 ./Core/Src/scheduler.o
 .debug_line    0x0000000000003620      0x784 ./Core/Src/software_timer.o
 .debug_line    0x0000000000003da4      0x695 ./Core/Src/stm32f1xx_hal_msp.o
 .debug_line    0x0000000000004439      0x733 ./Core/Src/stm32f1xx_it.o
 .debug_line    0x0000000000004b6c      0x6d7 ./Core/Src/system_stm32f1xx.o
 .debug_line    0x0000000000005243       0x86 ./Core/Startup/startup_stm32f103c6ux.o
 .debug_line    0x00000000000052c9      0x904 ./Drivers/STM32F1xx_HAL_Driver/Src/stm32f1xx_hal.o
 .debug_line    0x0000000000005bcd      0xaec ./Drivers/STM32F1xx_HAL_Driver/Src/stm32f1xx_hal_cortex.o
 .debug_line    0x00000000000066b9      0x987 ./Drivers/STM32F1xx_HAL_Driver/Src/stm32f1xx_hal_gpio.o
 .debug_line    0x0000000000007040      0xd10 ./Drivers/STM32F1xx_HAL_Driver/Src/stm32f1xx_hal_rcc.o
 .debug_line    0x0000000000007d50     0x333a ./Drivers/STM32F1xx_HAL_Driver/Src/stm32f1xx_hal_tim.o
 .debug_line    0x000000000000b08a     0x182a ./Drivers/STM32F1xx_HAL_Driver/Src/stm32f1xx_hal_tim_ex.o

.debug_str      0x0000000000000000    0x825e3
 .debug_str     0x0000000000000000    0x7f96b ./Core/Src/fsm_automatic.o
                                      0x7fca7 (size before relaxing)
 .debug_str     0x000000000007f96b       0x3b ./Core/Src/fsm_manual.o
                                      0x7fcb4 (size before relaxing)
 .debug_str     0x000000000007f9a6       0x15 ./Core/Src/global.o
                                      0x7fc8e (size before relaxing)
 .debug_str     0x000000000007f9bb       0x98 ./Core/Src/handle_leds.o
                                      0x7fd20 (size before relaxing)
 .debug_str     0x000000000007fa53       0xdb ./Core/Src/input_reading.o
                                      0x7fda1 (size before relaxing)
 .debug_str     0x000000000007fb2e      0x713 ./Core/Src/main.o
                                      0x80483 (size before relaxing)
 .debug_str     0x0000000000080241       0xdc ./Core/Src/scheduler.o
                                       0x3df4 (size before relaxing)
 .debug_str     0x000000000008031d       0x92 ./Core/Src/software_timer.o
                                      0x7fd11 (size before relaxing)
 .debug_str     0x00000000000803af      0x2ba ./Core/Src/stm32f1xx_hal_msp.o
                                      0x80269 (size before relaxing)
 .debug_str     0x0000000000080669       0xcd ./Core/Src/stm32f1xx_it.o
                                      0x7ffcb (size before relaxing)
 .debug_str     0x0000000000080736       0x52 ./Core/Src/system_stm32f1xx.o
                                      0x7f70f (size before relaxing)
 .debug_str     0x0000000000080788       0x36 ./Core/Startup/startup_stm32f103c6ux.o
                                         0x9e (size before relaxing)
 .debug_str     0x00000000000807be      0x304 ./Drivers/STM32F1xx_HAL_Driver/Src/stm32f1xx_hal.o
                                      0x7fd66 (size before relaxing)
 .debug_str     0x0000000000080ac2      0x300 ./Drivers/STM32F1xx_HAL_Driver/Src/stm32f1xx_hal_cortex.o
                                      0x7fd6e (size before relaxing)
 .debug_str     0x0000000000080dc2      0x316 ./Drivers/STM32F1xx_HAL_Driver/Src/stm32f1xx_hal_gpio.o
                                      0x7fad3 (size before relaxing)
 .debug_str     0x00000000000810d8      0x24f ./Drivers/STM32F1xx_HAL_Driver/Src/stm32f1xx_hal_rcc.o
                                      0x7fb0c (size before relaxing)
 .debug_str     0x0000000000081327      0xdce ./Drivers/STM32F1xx_HAL_Driver/Src/stm32f1xx_hal_tim.o
                                      0x80ae5 (size before relaxing)
 .debug_str     0x00000000000820f5      0x4ee ./Drivers/STM32F1xx_HAL_Driver/Src/stm32f1xx_hal_tim_ex.o
                                      0x80296 (size before relaxing)

.comment        0x0000000000000000       0x53
 .comment       0x0000000000000000       0x53 ./Core/Src/fsm_automatic.o
                                         0x54 (size before relaxing)
 .comment       0x0000000000000053       0x54 ./Core/Src/fsm_manual.o
 .comment       0x0000000000000053       0x54 ./Core/Src/global.o
 .comment       0x0000000000000053       0x54 ./Core/Src/handle_leds.o
 .comment       0x0000000000000053       0x54 ./Core/Src/input_reading.o
 .comment       0x0000000000000053       0x54 ./Core/Src/main.o
 .comment       0x0000000000000053       0x54 ./Core/Src/scheduler.o
 .comment       0x0000000000000053       0x54 ./Core/Src/software_timer.o
 .comment       0x0000000000000053       0x54 ./Core/Src/stm32f1xx_hal_msp.o
 .comment       0x0000000000000053       0x54 ./Core/Src/stm32f1xx_it.o
 .comment       0x0000000000000053       0x54 ./Core/Src/system_stm32f1xx.o
 .comment       0x0000000000000053       0x54 ./Drivers/STM32F1xx_HAL_Driver/Src/stm32f1xx_hal.o
 .comment       0x0000000000000053       0x54 ./Drivers/STM32F1xx_HAL_Driver/Src/stm32f1xx_hal_cortex.o
 .comment       0x0000000000000053       0x54 ./Drivers/STM32F1xx_HAL_Driver/Src/stm32f1xx_hal_gpio.o
 .comment       0x0000000000000053       0x54 ./Drivers/STM32F1xx_HAL_Driver/Src/stm32f1xx_hal_rcc.o
 .comment       0x0000000000000053       0x54 ./Drivers/STM32F1xx_HAL_Driver/Src/stm32f1xx_hal_tim.o
 .comment       0x0000000000000053       0x54 ./Drivers/STM32F1xx_HAL_Driver/Src/stm32f1xx_hal_tim_ex.o

.debug_frame    0x0000000000000000     0x2970
 .debug_frame   0x0000000000000000       0x2c ./Core/Src/fsm_automatic.o
 .debug_frame   0x000000000000002c       0x38 ./Core/Src/fsm_manual.o
 .debug_frame   0x0000000000000064       0xd8 ./Core/Src/handle_leds.o
 .debug_frame   0x000000000000013c       0x84 ./Core/Src/input_reading.o
 .debug_frame   0x00000000000001c0       0xd4 ./Core/Src/main.o
 .debug_frame   0x0000000000000294       0xf8 ./Core/Src/scheduler.o
 .debug_frame   0x000000000000038c       0xf0 ./Core/Src/software_timer.o
 .debug_frame   0x000000000000047c       0x80 ./Core/Src/stm32f1xx_hal_msp.o
 .debug_frame   0x00000000000004fc      0x120 ./Core/Src/stm32f1xx_it.o
 .debug_frame   0x000000000000061c       0x58 ./Core/Src/system_stm32f1xx.o
 .debug_frame   0x0000000000000674      0x334 ./Drivers/STM32F1xx_HAL_Driver/Src/stm32f1xx_hal.o
 .debug_frame   0x00000000000009a8      0x428 ./Drivers/STM32F1xx_HAL_Driver/Src/stm32f1xx_hal_cortex.o
 .debug_frame   0x0000000000000dd0      0x14c ./Drivers/STM32F1xx_HAL_Driver/Src/stm32f1xx_hal_gpio.o
 .debug_frame   0x0000000000000f1c      0x218 ./Drivers/STM32F1xx_HAL_Driver/Src/stm32f1xx_hal_rcc.o
 .debug_frame   0x0000000000001134     0x11b8 ./Drivers/STM32F1xx_HAL_Driver/Src/stm32f1xx_hal_tim.o
 .debug_frame   0x00000000000022ec      0x638 ./Drivers/STM32F1xx_HAL_Driver/Src/stm32f1xx_hal_tim_ex.o
 .debug_frame   0x0000000000002924       0x2c d:/stm32cubeide_1.7.0/stm32cubeide/plugins/com.st.stm32cube.ide.mcu.externaltools.gnu-tools-for-stm32.9-2020-q2-update.win32_2.0.0.202105311346/tools/bin/../lib/gcc/arm-none-eabi/9.3.1/../../../../arm-none-eabi/lib/thumb/v7-m/nofp\libc_nano.a(lib_a-init.o)
 .debug_frame   0x0000000000002950       0x20 d:/stm32cubeide_1.7.0/stm32cubeide/plugins/com.st.stm32cube.ide.mcu.externaltools.gnu-tools-for-stm32.9-2020-q2-update.win32_2.0.0.202105311346/tools/bin/../lib/gcc/arm-none-eabi/9.3.1/../../../../arm-none-eabi/lib/thumb/v7-m/nofp\libc_nano.a(lib_a-memset.o)
